[33mΓ¥»[39m Building...
[32mΓ£ö[39m Building...
Application bundle generation failed. [3.528 seconds] - 2026-01-31T10:56:19.128Z

node.exe : [1m[31m[31mX [41;31m[[41;97mERROR[41;31m][0m 
[1mNG5002: Invalid ICU message. Missing '}'.[0m [1m[35m[plugin 
angular-compiler][0m
At line:1 char:1
+ & "C:\Program Files\nodejs/node.exe" "C:\Program Files\nodejs/node_mo 
...
+ ~~~~~~~~~~~~~~~~~~~~~~~~~~~~~~~~~~~~~~~~~~~~~~~~~~~~~~~~~~~~~~~~~~~~~
    + CategoryInfo          : NotSpecified: ([1m[31m[31mX...r-compiler 
   ][0m:String) [], RemoteException
    + FullyQualifiedErrorId : NativeCommandError
 

    src/app/pages/practice/practice-app.component.html:5158:16:
[37m      5158 Γöé                 [32m{[37m{user.name}}
           Γò╡                 [32m^[0m

  Error occurs in the template of component PracticeAppComponent.

    src/app/pages/practice/practice-app.component.ts:181:15:
[37m      181 Γöé   templateUrl: 
[32m'./practice-app.component.html'[37m,
          Γò╡                [32m~~~~~~~~~~~~~~~~~~~~~~~~~~~~~~~[0m


[31mX [41;31m[[41;97mERROR[41;31m][0m [1mNG5002: Unexpected 
character "EOF" (Do you have an unescaped "{" in your template? Use "{{ 
'{' }}") to escape it.)[0m [1m[35m[plugin angular-compiler][0m

    src/app/pages/practice/practice-app.component.html:6703:0:
[37m      6703 Γöé [32m[37m
           Γò╡ [32m^[0m

  Error occurs in the template of component PracticeAppComponent.

    src/app/pages/practice/practice-app.component.ts:181:15:
[37m      181 Γöé   templateUrl: 
[32m'./practice-app.component.html'[37m,
          Γò╡                [32m~~~~~~~~~~~~~~~~~~~~~~~~~~~~~~~[0m

[39m[22m
